// Jest Snapshot v1, https://goo.gl/fbAQLP

exports[`Server - App should return index.html when GET / 1`] = `
"<!DOCTYPE html>
<html>
  <head>
    <link rel=\\"apple-touch-icon\\" sizes=\\"180x180\\" href=\\"/favicon/apple-touch-icon.png\\">
    <link rel=\\"icon\\" type=\\"image/png\\" sizes=\\"32x32\\" href=\\"/favicon/favicon-32x32.png\\">
    <link rel=\\"icon\\" type=\\"image/png\\" sizes=\\"16x16\\" href=\\"/favicon/favicon-16x16.png\\">
    <link rel=\\"manifest\\" href=\\"/favicon/site.webmanifest\\">
    <link rel=\\"mask-icon\\" href=\\"/favicon/safari-pinned-tab.svg\\" color=\\"#016936\\">
    <meta name=\\"msapplication-TileColor\\" content=\\"#da532c\\">
    <meta name=\\"theme-color\\" content=\\"#ffffff\\">
    <meta charset=\\"utf-8\\">
    <meta name=\\"viewport\\" content=\\"width=device-width, initial-scale=1\\">
    <title>Spotify App</title>
  </head>
  <body>
    <div class=\\"app\\"></div>
  <script type=\\"text/javascript\\" src=\\"/index_bundle.js\\"></script></body>
</html>"
`;

exports[`Server - App should return index.html when GET /unknown 1`] = `
"<!DOCTYPE html>
<html>
  <head>
    <link rel=\\"apple-touch-icon\\" sizes=\\"180x180\\" href=\\"/favicon/apple-touch-icon.png\\">
    <link rel=\\"icon\\" type=\\"image/png\\" sizes=\\"32x32\\" href=\\"/favicon/favicon-32x32.png\\">
    <link rel=\\"icon\\" type=\\"image/png\\" sizes=\\"16x16\\" href=\\"/favicon/favicon-16x16.png\\">
    <link rel=\\"manifest\\" href=\\"/favicon/site.webmanifest\\">
    <link rel=\\"mask-icon\\" href=\\"/favicon/safari-pinned-tab.svg\\" color=\\"#016936\\">
    <meta name=\\"msapplication-TileColor\\" content=\\"#da532c\\">
    <meta name=\\"theme-color\\" content=\\"#ffffff\\">
    <meta charset=\\"utf-8\\">
    <meta name=\\"viewport\\" content=\\"width=device-width, initial-scale=1\\">
    <title>Spotify App</title>
  </head>
  <body>
    <div class=\\"app\\"></div>
  <script type=\\"text/javascript\\" src=\\"/index_bundle.js\\"></script></body>
</html>"
`;
