// Jest Snapshot v1, https://goo.gl/fbAQLP

exports[`Server Swagger - Router should return Swagger JSON when GET /swagger/api-docs.json 1`] = `"{\\"info\\":{\\"title\\":\\"Spotify Stats\\",\\"version\\":\\"1.0.0\\",\\"description\\":\\"Simple webapp to see your user's Spotify statistics.\\"},\\"swagger\\":\\"2.0\\",\\"paths\\":{\\"/api/authentication/logout\\":{\\"get\\":{\\"tags\\":[\\"Authentication\\"],\\"description\\":\\"Logout from Spotify\\",\\"parameters\\":[{\\"in\\":\\"cookie\\",\\"name\\":\\"session\\",\\"description\\":\\"Session cookie signed\\",\\"default\\":\\"Set it in the browser, leave this field as it is\\",\\"schema\\":{\\"type\\":\\"string\\"}},{\\"in\\":\\"cookie\\",\\"name\\":\\"session.sig\\",\\"description\\":\\"Signature key for the Session cookie\\",\\"default\\":\\"Set it in the browser, leave this field as it is\\",\\"schema\\":{\\"type\\":\\"string\\"}}],\\"responses\\":{\\"204\\":{\\"description\\":\\"User logged out\\"},\\"401\\":{\\"description\\":\\"No user found\\"}}}},\\"/api/authentication/spotify\\":{\\"get\\":{\\"tags\\":[\\"Authentication\\"],\\"description\\":\\"Get redirected to Spotify's login page, after login event /api/authentication/spotify/callback will be called\\"}},\\"/api/authentication/user\\":{\\"get\\":{\\"tags\\":[\\"Authentication\\"],\\"description\\":\\"Retrieve current user (if there is one)\\",\\"produces\\":[\\"application/json\\"],\\"parameters\\":[{\\"in\\":\\"cookie\\",\\"name\\":\\"session\\",\\"description\\":\\"Session cookie signed\\",\\"default\\":\\"Set it in the browser, leave this field as it is\\",\\"schema\\":{\\"type\\":\\"string\\"}},{\\"in\\":\\"cookie\\",\\"name\\":\\"session.sig\\",\\"description\\":\\"Signature key for the Session cookie\\",\\"default\\":\\"Set it in the browser, leave this field as it is\\",\\"schema\\":{\\"type\\":\\"string\\"}}],\\"responses\\":{\\"200\\":{\\"description\\":\\"User found and returned\\",\\"schema\\":{\\"$ref\\":\\"#/definitions/User\\"}},\\"401\\":{\\"description\\":\\"No user found\\"}}}},\\"/api/stats/topArtists\\":{\\"get\\":{\\"tags\\":[\\"Stats\\"],\\"description\\":\\"Retrieve from Spotify user's top artists\\",\\"parameters\\":[{\\"in\\":\\"cookie\\",\\"name\\":\\"session\\",\\"description\\":\\"Session cookie signed\\",\\"default\\":\\"Set it in the browser, leave this field as it is\\",\\"schema\\":{\\"type\\":\\"string\\"}},{\\"in\\":\\"cookie\\",\\"name\\":\\"session.sig\\",\\"description\\":\\"Signature key for the Session cookie\\",\\"default\\":\\"Set it in the browser, leave this field as it is\\",\\"schema\\":{\\"type\\":\\"string\\"}},{\\"in\\":\\"query\\",\\"name\\":\\"limit\\",\\"description\\":\\"Number of artists (minimum 1, maximum 50)\\",\\"default\\":5,\\"type\\":\\"number\\",\\"format\\":\\"int32\\",\\"minimum\\":1,\\"maximum\\":50},{\\"in\\":\\"query\\",\\"name\\":\\"offset\\",\\"description\\":\\"Offset value (minimum 0)\\",\\"default\\":0,\\"type\\":\\"number\\",\\"format\\":\\"int32\\",\\"minimum\\":0},{\\"in\\":\\"query\\",\\"name\\":\\"timeRange\\",\\"description\\":\\"Time range to take into account artists\\",\\"type\\":\\"string\\",\\"default\\":\\"medium_term\\",\\"enum\\":[\\"long_term\\",\\"medium_term\\",\\"short_term\\"]}],\\"responses\\":{\\"200\\":{\\"description\\":\\"List of user's top artists\\",\\"schema\\":{\\"$ref\\":\\"#/definitions/Artists\\"}},\\"400\\":{\\"description\\":\\"Bad request\\",\\"schema\\":{\\"$ref\\":\\"#/definitions/Error\\"}},\\"401\\":{\\"description\\":\\"No user found\\"},\\"502\\":{\\"description\\":\\"Error retrieving artists from Spotify\\",\\"schema\\":{\\"$ref\\":\\"#/definitions/Error\\"}}}}}},\\"definitions\\":{\\"Error\\":{\\"type\\":\\"object\\",\\"required\\":[\\"error\\"],\\"properties\\":{\\"error\\":{\\"type\\":\\"string\\"}}},\\"UserBase\\":{\\"type\\":\\"object\\",\\"required\\":[\\"externalUrls\\",\\"followers\\",\\"href\\",\\"id\\",\\"images\\",\\"type\\",\\"uri\\"],\\"properties\\":{\\"externalUrls\\":{\\"type\\":\\"object\\",\\"properties\\":{\\"spotify\\":{\\"type\\":\\"string\\",\\"format\\":\\"uri\\"}}},\\"followers\\":{\\"type\\":\\"object\\",\\"properties\\":{\\"href\\":{\\"type\\":\\"string\\",\\"format\\":\\"uri\\"},\\"total\\":{\\"type\\":\\"number\\",\\"format\\":\\"int64\\"}}},\\"href\\":{\\"type\\":\\"string\\",\\"format\\":\\"uri\\"},\\"id\\":{\\"type\\":\\"string\\"},\\"images\\":{\\"type\\":\\"array\\",\\"items\\":{\\"type\\":\\"object\\",\\"properties\\":{\\"height\\":{\\"type\\":\\"number\\",\\"format\\":\\"int32\\"},\\"url\\":{\\"type\\":\\"string\\",\\"format\\":\\"uri\\"},\\"width\\":{\\"type\\":\\"number\\",\\"format\\":\\"int32\\"}}}},\\"type\\":{\\"type\\":\\"string\\"},\\"uri\\":{\\"type\\":\\"string\\",\\"format\\":\\"uri\\"}}},\\"User\\":{\\"type\\":\\"object\\",\\"required\\":[\\"accessToken\\",\\"profile\\",\\"refreshToken\\"],\\"properties\\":{\\"accessToken\\":{\\"type\\":\\"string\\"},\\"profile\\":{\\"allOf\\":[{\\"$ref\\":\\"#/definitions/UserBase\\"},{\\"type\\":\\"object\\",\\"properties\\":{\\"displayName\\":{\\"type\\":\\"string\\"}}}]},\\"refreshToken\\":{\\"type\\":\\"string\\"}}},\\"Artists\\":{\\"type\\":\\"array\\",\\"items\\":{\\"required\\":[\\"genres\\",\\"name\\",\\"popularity\\"],\\"allOf\\":[{\\"$ref\\":\\"#/definitions/UserBase\\"},{\\"type\\":\\"object\\",\\"properties\\":{\\"genres\\":{\\"type\\":\\"array\\",\\"items\\":{\\"type\\":\\"string\\"}},\\"name\\":{\\"type\\":\\"string\\"},\\"popularity\\":{\\"type\\":\\"number\\",\\"format\\":\\"int32\\"}}}]}}},\\"responses\\":{},\\"parameters\\":{},\\"securityDefinitions\\":{},\\"tags\\":[{\\"name\\":\\"Authentication\\"},{\\"name\\":\\"Stats\\"}]}"`;

exports[`Server Swagger - Router should return Swagger UI when GET /swagger/api-docs 1`] = `
"<!DOCTYPE html>
<html lang=\\"en\\">
<head>
<meta charset=\\"utf-8\\">
<title>Redirecting</title>
</head>
<body>
<pre>Redirecting to <a href=\\"/swagger/api-docs/\\">/swagger/api-docs/</a></pre>
</body>
</html>
"
`;
