// Jest Snapshot v1, https://goo.gl/fbAQLP

exports[`App Components HOC - SizeDetector Snapshots renders 1`] = `<div />`;
