// Jest Snapshot v1, https://goo.gl/fbAQLP

exports[`App Components - UserStats Snapshots renders 1`] = `
<div
  className="ui basic segment body"
>
  <div
    className="ui active transition visible inverted dimmer"
    onClick={[Function]}
  >
    <div
      className="content"
    >
      <div
        className="center"
      >
        <div
          className="ui big inverted text loader"
        >
          Loading
        </div>
      </div>
    </div>
  </div>
  User stats
</div>
`;
