// Jest Snapshot v1, https://goo.gl/fbAQLP

exports[`App Components - Form Snapshots renders 1`] = `
<div
  className="ui green segment"
>
  <form
    action={undefined}
    className="ui form"
    onSubmit={[Function]}
  >
    <h3
      className="ui header"
    >
      Since
    </h3>
    <div
      className="grouped fields"
    >
      <div
        className="field"
      >
        <div
          className="ui checked radio checkbox"
          onChange={[Function]}
          onClick={[Function]}
          onMouseDown={[Function]}
        >
          <input
            checked={true}
            className="hidden"
            id={undefined}
            name="timeRange"
            onClick={[Function]}
            readOnly={true}
            tabIndex={0}
            type="radio"
            value={undefined}
          />
          <label
            htmlFor={undefined}
          >
            last month
          </label>
        </div>
      </div>
      <div
        className="field"
      >
        <div
          className="ui radio checkbox"
          onChange={[Function]}
          onClick={[Function]}
          onMouseDown={[Function]}
        >
          <input
            checked={false}
            className="hidden"
            id={undefined}
            name="timeRange"
            onClick={[Function]}
            readOnly={true}
            tabIndex={0}
            type="radio"
            value={undefined}
          />
          <label
            htmlFor={undefined}
          >
            last six months
          </label>
        </div>
      </div>
      <div
        className="field"
      >
        <div
          className="ui radio checkbox"
          onChange={[Function]}
          onClick={[Function]}
          onMouseDown={[Function]}
        >
          <input
            checked={false}
            className="hidden"
            id={undefined}
            name="timeRange"
            onClick={[Function]}
            readOnly={true}
            tabIndex={0}
            type="radio"
            value={undefined}
          />
          <label
            htmlFor={undefined}
          >
            beginning of times
          </label>
        </div>
      </div>
    </div>
  </form>
</div>
`;
